&{INFO 2021-09-03 23:11:52.6149886 +0700 +07 m=+0.001990401 - 0 0 Test - -}
&{INFO 2021-09-03 23:12:03.8423716 +0700 +07 m=+0.002090801 - 0 0 Test - -}
F:/project/rhap-logger/main.go:87: &{INFO 2021-09-03 23:12:32.4593755 +0700 +07 m=+0.002069101 - 0 0 Test - -}
F:/project/rhap-logger/main.go:87: &{INFO 2021-09-03 23:15:08.7833837 +0700 +07 m=+0.002052601 - 0 0 Test - -}
F:/project/rhap-logger/main.go:87: &{INFO 2021-09-03 23:15:14.5857344 +0700 +07 m=+0.001560501 - 0 0 Test - -}
F:/project/rhap-logger/Test.go:17: &{INFO 2021-09-03 23:16:18.2115215 +0700 +07 m=+0.002115201 - 0 0 Test - -}
F:/project/rhap-logger/Test.go:26: &{INFO 2021-09-03 23:20:27.9574274 +0700 +07 m=+0.001477801 - 0 0 Test - -}
F:/project/rhap-logger/Test.go:17: &{INFO 2021-09-03 23:24:28.4009451 +0700 +07 m=+0.001559901 - 0 0 - - -}
